// Jest Snapshot v1, https://goo.gl/fbAQLP

exports[`Board Wait TEst renders if good 1`] = `
<span
  style="top: 21.5rem;"
>
  Waiting for the owner to start
</span>
`;

exports[`should render board with 1`] = `
{
  "asFragment": [Function],
  "baseElement": <body>
    <div>
      <div>
        <h1>
          WAITING
        </h1>
        <div
          style="top: 2rem;"
        >
          <div
            aria-label="animation"
            role="button"
            style="width: 100%; height: 100%; overflow: hidden; margin: 0px auto; outline: none;"
            tabindex="0"
            title=""
          />
        </div>
      </div>
    </div>
  </body>,
  "container": <div>
    <div>
      <h1>
        WAITING
      </h1>
      <div
        style="top: 2rem;"
      >
        <div
          aria-label="animation"
          role="button"
          style="width: 100%; height: 100%; overflow: hidden; margin: 0px auto; outline: none;"
          tabindex="0"
          title=""
        />
      </div>
    </div>
  </div>,
  "debug": [Function],
  "findAllByAltText": [Function],
  "findAllByDisplayValue": [Function],
  "findAllByLabelText": [Function],
  "findAllByPlaceholderText": [Function],
  "findAllByRole": [Function],
  "findAllByTestId": [Function],
  "findAllByText": [Function],
  "findAllByTitle": [Function],
  "findByAltText": [Function],
  "findByDisplayValue": [Function],
  "findByLabelText": [Function],
  "findByPlaceholderText": [Function],
  "findByRole": [Function],
  "findByTestId": [Function],
  "findByText": [Function],
  "findByTitle": [Function],
  "getAllByAltText": [Function],
  "getAllByDisplayValue": [Function],
  "getAllByLabelText": [Function],
  "getAllByPlaceholderText": [Function],
  "getAllByRole": [Function],
  "getAllByTestId": [Function],
  "getAllByText": [Function],
  "getAllByTitle": [Function],
  "getByAltText": [Function],
  "getByDisplayValue": [Function],
  "getByLabelText": [Function],
  "getByPlaceholderText": [Function],
  "getByRole": [Function],
  "getByTestId": [Function],
  "getByText": [Function],
  "getByTitle": [Function],
  "queryAllByAltText": [Function],
  "queryAllByDisplayValue": [Function],
  "queryAllByLabelText": [Function],
  "queryAllByPlaceholderText": [Function],
  "queryAllByRole": [Function],
  "queryAllByTestId": [Function],
  "queryAllByText": [Function],
  "queryAllByTitle": [Function],
  "queryByAltText": [Function],
  "queryByDisplayValue": [Function],
  "queryByLabelText": [Function],
  "queryByPlaceholderText": [Function],
  "queryByRole": [Function],
  "queryByTestId": [Function],
  "queryByText": [Function],
  "queryByTitle": [Function],
  "rerender": [Function],
  "unmount": [Function],
}
`;
